          laddr lport          raddr rport       state
        0.0.0.0  2049        0.0.0.0     0      LISTEN
    10.43.50.37  2049   10.43.61.250   918 ESTABLISHED
