          laddr lport          raddr rport       state
    10.43.50.37 59872   172.16.105.4   389  CLOSE_WAIT
