          laddr lport          raddr rport       state
    10.43.50.37    80   172.16.132.3 51389   TIME_WAIT
    10.43.50.37    80   172.16.132.3 51410   TIME_WAIT
    10.43.50.37    80   172.16.132.3 51391   TIME_WAIT
    10.43.50.37    80   172.16.132.3 51398   TIME_WAIT
    10.43.50.37    80   172.16.132.3 51400   TIME_WAIT
