= 1575475555
0.0.0.0,0,LISTEN
0.0.0.0,0,LISTEN
0.0.0.0,0,LISTEN
0.0.0.0,0,LISTEN
0.0.0.0,0,LISTEN
0.0.0.0,0,LISTEN
0.0.0.0,0,LISTEN
0.0.0.0,0,LISTEN
0.0.0.0,0,LISTEN
0.0.0.0,0,LISTEN
0.0.0.0,0,LISTEN
0.0.0.0,0,LISTEN
0.0.0.0,0,LISTEN
0.0.0.0,0,LISTEN
0.0.0.0,0,LISTEN
0.0.0.0,0,LISTEN
0.0.0.0,0,LISTEN
0.0.0.0,0,LISTEN
10.43.61.250,696,ESTABLISHED
127.0.0.1,5432,ESTABLISHED
127.0.0.1,60578,ESTABLISHED
10.43.38.174,1521,ESTABLISHED
10.43.61.250,918,ESTABLISHED
127.0.0.1,5432,ESTABLISHED
127.0.0.1,60542,ESTABLISHED
127.0.0.1,8586,TIME_WAIT
127.0.0.1,60556,ESTABLISHED
172.16.132.3,51389,TIME_WAIT
127.0.0.1,60552,ESTABLISHED
127.0.0.1,5432,TIME_WAIT
127.0.0.1,8586,TIME_WAIT
127.0.0.1,60572,ESTABLISHED
172.16.132.3,51410,TIME_WAIT
127.0.0.1,60564,ESTABLISHED
127.0.0.1,8586,TIME_WAIT
127.0.0.1,60560,ESTABLISHED
127.0.0.1,5432,ESTABLISHED
172.16.132.3,50532,ESTABLISHED
10.43.61.250,1521,ESTABLISHED
127.0.0.1,60558,ESTABLISHED
172.16.132.3,51396,ESTABLISHED
127.0.0.1,5432,ESTABLISHED
127.0.0.1,60574,ESTABLISHED
127.0.0.1,5432,ESTABLISHED
127.0.0.1,60546,ESTABLISHED
127.0.0.1,8586,TIME_WAIT
127.0.0.1,60570,ESTABLISHED
127.0.0.1,5432,ESTABLISHED
127.0.0.1,60554,ESTABLISHED
127.0.0.1,5432,ESTABLISHED
127.0.0.1,60580,ESTABLISHED
127.0.0.1,5432,ESTABLISHED
127.0.0.1,8586,TIME_WAIT
127.0.0.1,60562,ESTABLISHED
127.0.0.1,60576,ESTABLISHED
127.0.0.1,5432,ESTABLISHED
127.0.0.1,60548,ESTABLISHED
127.0.0.1,60544,ESTABLISHED
127.0.0.1,5432,ESTABLISHED
127.0.0.1,5432,ESTABLISHED
127.0.0.1,60550,ESTABLISHED
127.0.0.1,5432,ESTABLISHED
172.16.105.4,389,CLOSE_WAIT
127.0.0.1,5432,ESTABLISHED
127.0.0.1,5432,ESTABLISHED
127.0.0.1,5432,ESTABLISHED
127.0.0.1,42946,ESTABLISHED
172.16.132.3,51391,TIME_WAIT
127.0.0.1,5432,ESTABLISHED
127.0.0.1,60568,ESTABLISHED
10.43.61.250,1521,ESTABLISHED
127.0.0.1,5432,ESTABLISHED
172.16.105.4,389,ESTABLISHED
127.0.0.1,5432,ESTABLISHED
10.43.61.250,10720,ESTABLISHED
127.0.0.1,5432,ESTABLISHED
172.16.132.3,51398,TIME_WAIT
127.0.0.1,5432,ESTABLISHED
127.0.0.1,8586,ESTABLISHED
172.16.132.3,51400,TIME_WAIT
127.0.0.1,60566,ESTABLISHED
